// Jest Snapshot v1, https://goo.gl/fbAQLP

exports[`AutoComplete renders correctly 1`] = `
ShallowWrapper {
  "length": 1,
  Symbol(enzyme.__root__): [Circular],
  Symbol(enzyme.__unrendered__): <AutoComplete
    comparationFuzziness={0.5}
    minimumSimilarityScore={0.6}
    onSelect={[Function]}
  />,
  Symbol(enzyme.__renderer__): Object {
    "batchedUpdates": [Function],
    "getNode": [Function],
    "render": [Function],
    "simulateEvent": [Function],
    "unmount": [Function],
  },
  Symbol(enzyme.__node__): Object {
    "instance": null,
    "key": null,
    "nodeType": "class",
    "props": Object {
      "children": Array [
        <TextInput
          comparationFuzziness={0.5}
          minimumSimilarityScore={0.6}
          onChangeText={[Function]}
          onSelect={[Function]}
          style={
            Object {
              "fontSize": 15,
            }
          }
        />,
        null,
      ],
      "style": Object {
        "flex": 1,
      },
    },
    "ref": null,
    "rendered": Array [
      Object {
        "instance": null,
        "key": null,
        "nodeType": "class",
        "props": Object {
          "comparationFuzziness": 0.5,
          "minimumSimilarityScore": 0.6,
          "onChangeText": [Function],
          "onSelect": [Function],
          "style": Object {
            "fontSize": 15,
          },
        },
        "ref": null,
        "rendered": null,
        "type": [Function],
      },
      null,
    ],
    "type": [Function],
  },
  Symbol(enzyme.__nodes__): Array [
    Object {
      "instance": null,
      "key": null,
      "nodeType": "class",
      "props": Object {
        "children": Array [
          <TextInput
            comparationFuzziness={0.5}
            minimumSimilarityScore={0.6}
            onChangeText={[Function]}
            onSelect={[Function]}
            style={
              Object {
                "fontSize": 15,
              }
            }
          />,
          null,
        ],
        "style": Object {
          "flex": 1,
        },
      },
      "ref": null,
      "rendered": Array [
        Object {
          "instance": null,
          "key": null,
          "nodeType": "class",
          "props": Object {
            "comparationFuzziness": 0.5,
            "minimumSimilarityScore": 0.6,
            "onChangeText": [Function],
            "onSelect": [Function],
            "style": Object {
              "fontSize": 15,
            },
          },
          "ref": null,
          "rendered": null,
          "type": [Function],
        },
        null,
      ],
      "type": [Function],
    },
  ],
  Symbol(enzyme.__options__): Object {
    "adapter": ReactSixteenAdapter {
      "options": Object {
        "enableComponentDidUpdateOnSetState": true,
      },
    },
  },
}
`;
